// Jest Snapshot v1, https://goo.gl/fbAQLP

exports[`Pruebas en <GiftItem/> debe hacer match con el snapshot 1`] = `
<div>
  <div
    class="card"
  >
    <img
      alt="Lales"
      src="https://askldjalkd.com/asd.jpg"
    />
    <p>
      Lales
    </p>
  </div>
</div>
`;
